src/features/cad/components/CadCanvas.tsx(65,26): error TS2345: Argument of type '{ x: number; y: number; }' is not assignable to parameter of type 'Point'.
  Type '{ x: number; y: number; }' is missing the following properties from type 'Point': add, addEquals, scalarAdd, scalarAddEquals, and 28 more.
src/features/cad/components/CadCanvas.tsx(83,76): error TS2339: Property 'button' does not exist on type 'TPointerEvent'.
  Property 'button' does not exist on type 'TouchEvent'.
src/features/cad/components/CadCanvas.tsx(88,24): error TS2339: Property 'clientX' does not exist on type 'TPointerEvent'.
  Property 'clientX' does not exist on type 'TouchEvent'.
src/features/cad/components/CadCanvas.tsx(89,24): error TS2339: Property 'clientY' does not exist on type 'TPointerEvent'.
  Property 'clientY' does not exist on type 'TouchEvent'.
src/features/cad/components/CadCanvas.tsx(100,21): error TS2339: Property 'clientX' does not exist on type 'TPointerEvent'.
  Property 'clientX' does not exist on type 'TouchEvent'.
src/features/cad/components/CadCanvas.tsx(101,21): error TS2339: Property 'clientY' does not exist on type 'TPointerEvent'.
  Property 'clientY' does not exist on type 'TouchEvent'.
src/features/cad/components/CadCanvas.tsx(104,22): error TS2339: Property 'clientX' does not exist on type 'TPointerEvent'.
  Property 'clientX' does not exist on type 'TouchEvent'.
src/features/cad/components/CadCanvas.tsx(105,22): error TS2339: Property 'clientY' does not exist on type 'TPointerEvent'.
  Property 'clientY' does not exist on type 'TouchEvent'.
src/features/cad/components/CadCanvas.tsx(111,36): error TS6133: 'opt' is declared but its value is never read.
src/features/cad/components/CadCanvas.tsx(131,14): error TS2551: Property 'setWidth' does not exist on type 'Canvas'. Did you mean 'getWidth'?
src/features/cad/components/CadCanvas.tsx(132,14): error TS2551: Property 'setHeight' does not exist on type 'Canvas'. Did you mean 'getHeight'?
src/features/cad/components/Toolbox.tsx(1,42): error TS2305: Module '"lucide-react"' has no exported member 'GridRound'.
src/features/cad/components/Toolbox.tsx(2,23): error TS1484: 'ToolType' is a type and must be imported using a type-only import when 'verbatimModuleSyntax' is enabled.
